// Jest Snapshot v1, https://goo.gl/fbAQLP

exports[`<Grass /> render grass img from existing projects 1`] = `
<DocumentFragment>
  <div
    class="ml-28"
  >
    <img
      height="70"
      src="/_next/image?url=https%3A%2F%2Fgrass-graph.moshimo.works%2Fimages%2Fyamakenji24.png%3Fbackground%3Dnone&w=1200&q=75"
      width="380"
    />
  </div>
</DocumentFragment>
`;
